// 重构日志: 3ee433d0
// 重构日志: 13f033f2
// 重构日志: b1079369
// 同步 ID: 85d1a043 @ Fri Jul 17 17:14:03 UTC 2026
// 同步 ID: 85a101d9 @ Sat Jul 18 11:21:26 UTC 2026
// 重构日志: 46d50abc
// 重构日志: 0d5c3d17
// 重构日志: 230a9d8e
// 重构日志: 5d225c5e
// 重构日志: dbea0cd3
// 同步 ID: a348d4fb @ Fri Jul 24 21:27:53 UTC 2026
// 同步 ID: 8e11c3fe @ Sat Jul 25 00:17:01 UTC 2026
// 同步 ID: 89569572 @ Sat Jul 25 08:18:46 UTC 2026
// 重构日志: b596ad86
// 同步 ID: f906c2ce @ Sun Jul 26 09:32:57 UTC 2026
// 重构日志: b09102c7
// 同步 ID: f2f11b15 @ Mon Jul 27 18:56:02 UTC 2026
// 重构日志: a259a57b
// 重构日志: 4a1430f3
// 重构日志: 13266187
// 重构日志: 898386ff
// 重构日志: 5f2452d4
// 重构日志: 5aa3862e
// 重构日志: c9fd7ccb
// 重构日志: c3fb8df3
// 重构日志: cbca1ad4
// 同步 ID: 6a8b9a7f @ Wed Aug  5 08:41:49 UTC 2026
// 重构日志: cf245f92
// 同步 ID: d6c92f9c @ Thu Aug  6 14:06:55 UTC 2026
// 同步 ID: ffc27e7c @ Fri Aug  7 12:28:37 UTC 2026
